[    0.000000] Initializing cgroup subsys cpuset
[    0.000000] Initializing cgroup subsys cpu
[    0.000000] Initializing cgroup subsys cpuacct
[    0.000000] Linux version 4.4.0-57-generic (buildd@lgw01-54) (gcc version 5.4.0 20160609 (Ubuntu 5.4.0-6ubuntu1~16.04.4) ) #78-Ubuntu SMP Fri Dec 9 23:50:32 UTC 2016 (Ubuntu 4.4.0-57.78-generic 4.4.35)
[    0.000000] Command line: BOOT_IMAGE=/boot/vmlinuz-4.4.0-57-generic root=LABEL=cloudimg-rootfs ro console=tty1 console=ttyS0
[    0.000000] KERNEL supported cpus:
[    0.000000]   Intel GenuineIntel
[    0.000000]   AMD AuthenticAMD
[    0.000000]   Centaur CentaurHauls
[    0.000000] x86/fpu: xstate_offset[2]:  576, xstate_sizes[2]:  256
[    0.000000] x86/fpu: Supporting XSAVE feature 0x01: 'x87 floating point registers'
[    0.000000] x86/fpu: Supporting XSAVE feature 0x02: 'SSE registers'
[    0.000000] x86/fpu: Supporting XSAVE feature 0x04: 'AVX registers'
[    0.000000] x86/fpu: Enabled xstate features 0x7, context size is 832 bytes, using 'standard' format.
[    0.000000] x86/fpu: Using 'lazy' FPU context switches.
[    0.000000] e820: BIOS-provided physical RAM map:
[    0.000000] BIOS-e820: [mem 0x0000000000000000-0x000000000009fbff] usable
[    0.000000] BIOS-e820: [mem 0x000000000009fc00-0x000000000009ffff] reserved
[    0.000000] BIOS-e820: [mem 0x00000000000f0000-0x00000000000fffff] reserved
[    0.000000] BIOS-e820: [mem 0x0000000000100000-0x000000007ffeffff] usable
[    0.000000] BIOS-e820: [mem 0x000000007fff0000-0x000000007fffffff] ACPI data
[    0.000000] BIOS-e820: [mem 0x00000000fec00000-0x00000000fec00fff] reserved
[    0.000000] BIOS-e820: [mem 0x00000000fee00000-0x00000000fee00fff] reserved
[    0.000000] BIOS-e820: [mem 0x00000000fffc0000-0x00000000ffffffff] reserved
[    0.000000] NX (Execute Disable) protection: active
[    0.000000] SMBIOS 2.5 present.
[    0.000000] Hypervisor detected: KVM
[    0.000000] e820: last_pfn = 0x7fff0 max_arch_pfn = 0x400000000
[    0.000000] MTRR: Disabled
[    0.000000] x86/PAT: MTRRs disabled, skipping PAT initialization too.
[    0.000000] x86/PAT: Configuration [0-7]: WB  WT  UC- UC  WB  WT  UC- UC  
[    0.000000] CPU MTRRs all blank - virtualized system.
[    0.000000] found SMP MP-table at [mem 0x0009fff0-0x0009ffff] mapped at [ffff88000009fff0]
[    0.000000] Scanning 1 areas for low memory corruption
[    0.000000] RAMDISK: [mem 0x36b74000-0x375b1fff]
[    0.000000] ACPI: Early table checksum verification disabled
[    0.000000] ACPI: RSDP 0x00000000000E0000 000024 (v02 VBOX  )
[    0.000000] ACPI: XSDT 0x000000007FFF0030 00003C (v01 VBOX   VBOXXSDT 00000001 ASL  00000061)
[    0.000000] ACPI: FACP 0x000000007FFF00F0 0000F4 (v04 VBOX   VBOXFACP 00000001 ASL  00000061)
[    0.000000] ACPI: DSDT 0x000000007FFF0470 00210F (v01 VBOX   VBOXBIOS 00000002 INTL 20161117)
[    0.000000] ACPI: FACS 0x000000007FFF0200 000040
[    0.000000] ACPI: FACS 0x000000007FFF0200 000040
[    0.000000] ACPI: APIC 0x000000007FFF0240 00005C (v02 VBOX   VBOXAPIC 00000001 ASL  00000061)
[    0.000000] ACPI: SSDT 0x000000007FFF02A0 0001CC (v01 VBOX   VBOXCPUT 00000002 INTL 20161117)
[    0.000000] No NUMA configuration found
[    0.000000] Faking a node at [mem 0x0000000000000000-0x000000007ffeffff]
[    0.000000] NODE_DATA(0) allocated [mem 0x7ffeb000-0x7ffeffff]
[    0.000000] kvm-clock: Using msrs 4b564d01 and 4b564d00
[    0.000000] kvm-clock: cpu 0, msr 0:7ffe3001, primary cpu clock
[    0.000000] kvm-clock: using sched offset of 2995352942 cycles
[    0.000000] clocksource: kvm-clock: mask: 0xffffffffffffffff max_cycles: 0x1cd42e4dffb, max_idle_ns: 881590591483 ns
[    0.000000] Zone ranges:
[    0.000000]   DMA      [mem 0x0000000000001000-0x0000000000ffffff]
[    0.000000]   DMA32    [mem 0x0000000001000000-0x000000007ffeffff]
[    0.000000]   Normal   empty
[    0.000000]   Device   empty
[    0.000000] Movable zone start for each node
[    0.000000] Early memory node ranges
[    0.000000]   node   0: [mem 0x0000000000001000-0x000000000009efff]
[    0.000000]   node   0: [mem 0x0000000000100000-0x000000007ffeffff]
[    0.000000] Initmem setup node 0 [mem 0x0000000000001000-0x000000007ffeffff]
[    0.000000] ACPI: PM-Timer IO Port: 0x4008
[    0.000000] IOAPIC[0]: apic_id 2, version 32, address 0xfec00000, GSI 0-23
[    0.000000] ACPI: INT_SRC_OVR (bus 0 bus_irq 0 global_irq 2 dfl dfl)
[    0.000000] ACPI: INT_SRC_OVR (bus 0 bus_irq 9 global_irq 9 high level)
[    0.000000] Using ACPI (MADT) for SMP configuration information
[    0.000000] smpboot: Allowing 2 CPUs, 0 hotplug CPUs
[    0.000000] PM: Registered nosave memory: [mem 0x00000000-0x00000fff]
[    0.000000] PM: Registered nosave memory: [mem 0x0009f000-0x0009ffff]
[    0.000000] PM: Registered nosave memory: [mem 0x000a0000-0x000effff]
[    0.000000] PM: Registered nosave memory: [mem 0x000f0000-0x000fffff]
[    0.000000] e820: [mem 0x80000000-0xfebfffff] available for PCI devices
[    0.000000] Booting paravirtualized kernel on KVM
[    0.000000] clocksource: refined-jiffies: mask: 0xffffffff max_cycles: 0xffffffff, max_idle_ns: 7645519600211568 ns
[    0.000000] setup_percpu: NR_CPUS:512 nr_cpumask_bits:512 nr_cpu_ids:2 nr_node_ids:1
[    0.000000] PERCPU: Embedded 33 pages/cpu @ffff88007fc00000 s98264 r8192 d28712 u1048576
[    0.000000] PV qspinlock hash table entries: 256 (order: 0, 4096 bytes)
[    0.000000] Built 1 zonelists in Node order, mobility grouping on.  Total pages: 515961
[    0.000000] Policy zone: DMA32
[    0.000000] Kernel command line: BOOT_IMAGE=/boot/vmlinuz-4.4.0-57-generic root=LABEL=cloudimg-rootfs ro console=tty1 console=ttyS0
[    0.000000] PID hash table entries: 4096 (order: 3, 32768 bytes)
[    0.000000] Memory: 2034288K/2096696K available (8432K kernel code, 1291K rwdata, 3960K rodata, 1484K init, 1316K bss, 62408K reserved, 0K cma-reserved)
[    0.000000] SLUB: HWalign=64, Order=0-3, MinObjects=0, CPUs=2, Nodes=1
[    0.000000] Hierarchical RCU implementation.
[    0.000000] 	Build-time adjustment of leaf fanout to 64.
[    0.000000] 	RCU restricting CPUs from NR_CPUS=512 to nr_cpu_ids=2.
[    0.000000] RCU: Adjusting geometry for rcu_fanout_leaf=64, nr_cpu_ids=2
[    0.000000] NR_IRQS:33024 nr_irqs:440 16
[    0.000000] Console: colour VGA+ 80x25
[    0.000000] console [tty1] enabled
[    0.000000] console [ttyS0] enabled
[    0.000000] tsc: Detected 2593.996 MHz processor
[    0.165623] Calibrating delay loop (skipped) preset value.. 5187.99 BogoMIPS (lpj=10375984)
[    0.167047] pid_max: default: 32768 minimum: 301
[    0.167796] ACPI: Core revision 20150930
[    0.169329] ACPI: 2 ACPI AML tables successfully acquired and loaded
[    0.203400] Security Framework initialized
[    0.205540] Yama: becoming mindful.
[    0.214719] AppArmor: AppArmor initialized
[    0.218242] Dentry cache hash table entries: 262144 (order: 9, 2097152 bytes)
[    0.222350] Inode-cache hash table entries: 131072 (order: 8, 1048576 bytes)
[    0.249717] Mount-cache hash table entries: 4096 (order: 3, 32768 bytes)
[    0.274571] Mountpoint-cache hash table entries: 4096 (order: 3, 32768 bytes)
[    0.286632] Initializing cgroup subsys io
[    0.299522] Initializing cgroup subsys memory
[    0.305219] Initializing cgroup subsys devices
[    0.310403] Initializing cgroup subsys freezer
[    0.313883] Initializing cgroup subsys net_cls
[    0.323681] Initializing cgroup subsys perf_event
[    0.332833] Initializing cgroup subsys net_prio
[    0.361054] Initializing cgroup subsys hugetlb
[    0.363864] Initializing cgroup subsys pids
[    0.364559] CPU: Physical Processor ID: 0
[    0.379677] CPU: Processor Core ID: 0
[    0.391105] mce: CPU supports 0 MCE banks
[    0.392803] Last level iTLB entries: 4KB 64, 2MB 8, 4MB 8
[    0.403917] Last level dTLB entries: 4KB 64, 2MB 0, 4MB 0, 1GB 4
[    0.414495] Freeing SMP alternatives memory: 32K (ffffffff820b7000 - ffffffff820bf000)
[    0.437345] ftrace: allocating 32063 entries in 126 pages
[    0.476879] smpboot: APIC(0) Converting physical 0 to logical package 0
[    0.498912] smpboot: Max logical packages: 1
[    0.522690] x2apic enabled
[    0.529719] Switched APIC routing to physical x2apic.
[    0.539331] ..TIMER: vector=0x30 apic1=0 pin1=2 apic2=-1 pin2=-1
[    0.688683] smpboot: CPU0: Intel(R) Core(TM) i7-5600U CPU @ 2.60GHz (family: 0x6, model: 0x3d, stepping: 0x4)
[    0.721074] Performance Events: unsupported p6 CPU model 61 no PMU driver, software events only.
[    0.733869] KVM setup paravirtual spinlock
[    0.739198] x86: Booting SMP configuration:
[    0.746185] .... node  #0, CPUs:      #1
[    0.753938] kvm-clock: cpu 1, msr 0:7ffe3041, secondary cpu clock
[    0.773319] mce: CPU supports 0 MCE banks
[    0.779458] x86: Booted up 1 node, 2 CPUs
[    0.801153] smpboot: Total of 2 processors activated (10375.98 BogoMIPS)
[    0.803436] devtmpfs: initialized
[    0.825475] evm: security.selinux
[    0.837170] evm: security.SMACK64
[    0.850300] evm: security.SMACK64EXEC
[    0.850866] evm: security.SMACK64TRANSMUTE
[    0.866363] evm: security.SMACK64MMAP
[    0.873117] evm: security.ima
[    0.884627] evm: security.capability
[    0.900564] clocksource: jiffies: mask: 0xffffffff max_cycles: 0xffffffff, max_idle_ns: 7645041785100000 ns
[    0.911523] pinctrl core: initialized pinctrl subsystem
[    0.912794] RTC time: 12:52:36, date: 01/24/17
[    0.913981] NET: Registered protocol family 16
[    0.923381] cpuidle: using governor ladder
[    0.946472] cpuidle: using governor menu
[    0.956627] PCCT header not found.
[    0.957618] ACPI: bus type PCI registered
[    0.958494] acpiphp: ACPI Hot Plug PCI Controller Driver version: 0.5
[    0.959921] PCI: Using configuration type 1 for base access
[    0.972289] ACPI: Added _OSI(Module Device)
[    0.983084] ACPI: Added _OSI(Processor Device)
[    0.984088] ACPI: Added _OSI(3.0 _SCP Extensions)
[    0.985113] ACPI: Added _OSI(Processor Aggregator Device)
[    0.987215] ACPI: Executed 1 blocks of module-level executable AML code
[    0.991466] ACPI: Interpreter enabled
[    1.000296] ACPI: (supports S0 S5)
[    1.001129] ACPI: Using IOAPIC for interrupt routing
[    1.002430] PCI: Using host bridge windows from ACPI; if necessary, use "pci=nocrs" and report a bug
[    1.008268] ACPI: PCI Root Bridge [PCI0] (domain 0000 [bus 00-ff])
[    1.010635] acpi PNP0A03:00: _OSC: OS supports [ASPM ClockPM Segments MSI]
[    1.011933] acpi PNP0A03:00: _OSC failed (AE_NOT_FOUND); disabling ASPM
[    1.013301] acpi PNP0A03:00: fail to add MMCONFIG information, can't access extended PCI configuration space under this bridge.
[    1.016010] PCI host bridge to bus 0000:00
[    1.019503] pci_bus 0000:00: root bus resource [io  0x0000-0x0cf7 window]
[    1.020864] pci_bus 0000:00: root bus resource [io  0x0d00-0xffff window]
[    1.022233] pci_bus 0000:00: root bus resource [mem 0x000a0000-0x000bffff window]
[    1.025211] pci_bus 0000:00: root bus resource [mem 0x80000000-0xffdfffff window]
[    1.027194] pci_bus 0000:00: root bus resource [bus 00-ff]
[    1.030064] pci 0000:00:01.1: legacy IDE quirk: reg 0x10: [io  0x01f0-0x01f7]
[    1.031448] pci 0000:00:01.1: legacy IDE quirk: reg 0x14: [io  0x03f6]
[    1.032782] pci 0000:00:01.1: legacy IDE quirk: reg 0x18: [io  0x0170-0x0177]
[    1.034220] pci 0000:00:01.1: legacy IDE quirk: reg 0x1c: [io  0x0376]
[    1.075251] pci 0000:00:07.0: quirk: [io  0x4000-0x403f] claimed by PIIX4 ACPI
[    1.089028] pci 0000:00:07.0: quirk: [io  0x4100-0x410f] claimed by PIIX4 SMB
[    1.114562] ACPI: PCI Interrupt Link [LNKA] (IRQs 5 9 10 *11)
[    1.123785] ACPI: PCI Interrupt Link [LNKB] (IRQs 5 9 10 *11)
[    1.134094] ACPI: PCI Interrupt Link [LNKC] (IRQs 5 9 *10 11)
[    1.152979] ACPI: PCI Interrupt Link [LNKD] (IRQs 5 *9 10 11)
[    1.154785] ACPI: Enabled 2 GPEs in block 00 to 07
[    1.156297] vgaarb: setting as boot device: PCI:0000:00:02.0
[    1.157452] vgaarb: device added: PCI:0000:00:02.0,decodes=io+mem,owns=io+mem,locks=none
[    1.167869] vgaarb: loaded
[    1.168620] vgaarb: bridge control possible 0000:00:02.0
[    1.170148] SCSI subsystem initialized
[    1.171126] ACPI: bus type USB registered
[    1.178264] usbcore: registered new interface driver usbfs
[    1.179424] usbcore: registered new interface driver hub
[    1.180572] usbcore: registered new device driver usb
[    1.181869] PCI: Using ACPI for IRQ routing
[    1.183169] NetLabel: Initializing
[    1.184016] NetLabel:  domain hash size = 128
[    1.184978] NetLabel:  protocols = UNLABELED CIPSOv4
[    1.186063] NetLabel:  unlabeled traffic allowed by default
[    1.187285] amd_nb: Cannot enumerate AMD northbridges
[    1.188409] clocksource: Switched to clocksource kvm-clock
[    1.197441] AppArmor: AppArmor Filesystem Enabled
[    1.213296] pnp: PnP ACPI init
[    1.215000] pnp: PnP ACPI: found 3 devices
[    1.221749] clocksource: acpi_pm: mask: 0xffffff max_cycles: 0xffffff, max_idle_ns: 2085701024 ns
[    1.274056] NET: Registered protocol family 2
[   11.293833] TCP established hash table entries: 16384 (order: 5, 131072 bytes)
[    1.333281] TCP bind hash table entries: 16384 (order: 6, 262144 bytes)
[    1.373166] TCP: Hash tables configured (established 16384 bind 16384)
[    1.374490] UDP hash table entries: 1024 (order: 3, 32768 bytes)
[    1.375697] UDP-Lite hash table entries: 1024 (order: 3, 32768 bytes)
[    1.377027] NET: Registered protocol family 1
[    1.378013] pci 0000:00:00.0: Limiting direct PCI/PCI transfers
[    1.379226] pc  0000:00:01.0: Activating ISA DMA hang workarounds
[    1.443247] Trying to unpack rootfs image as initramfs...
[    2.953781] Freeing initrd memory: 10488K (ffff880036b74000 - ffff8800375b2000)
[    3.042909] RAPL PMU detected, API unit is 2^-32 Joules, 4 fixed couttrrs 10737418240 ms ovfl timer
[    3.093012] hw unit of domain pp0-core 2^-0 Joules
[    3.100069] hw unit of domain package 2^-0 Joules
[    3.142599] hw unit of domain dram 2^-0 Joules
[    3.152104] hw unit of domain pp1-gpu 2^-0 Joules
[    3.182755] platform rtc_cmos: registered platform RTC device (no PNP device found)
[    3.193270] Scanning for low memory corruption every 60 seconds
[    3.243112] futex hash table entries: 512 (order: 3, 32768 bytes)
[    3.282983] audit: initializing netlink subsys (disabled)
[    3.342734] audit: type=2000 audit(1485262362.874:1): initialized
[    3.344451] Initialise system trusted keyring
[    3.346862] HugeTLB registered 2 MB page size, pre-allocated 0 pages
[    3.354153] zbud: loaded
[    3.362968] VFS: Disk quotas dquot_6.6.0
[    3.452804] VFS: Dquot-cache hash table entries: 512 (order 0, 4096 bytes)
[    3.604801] squashfs: version 4.0 (2009/01/31) Phillip Lougher
[    3.606367] fuse init (API version 7.23)
[    3.607441] Key type big_key registered
[    3.608317] Allocating IMA MOK and blacklist keyrings.
[    3.610232] Key type asymmetric registered
[    3.611165] Asymmetric key parser 'x509' registered
[    3.612262] Block layer SCSI generic (bsg) driver version 0.4 loaded (major 249)
[    3.614031] io scheduler noop registered
[    3.614914] io scheduler deadline registered (default)
[    3.616048] io scheduler cfq registered
[    3.617096] pci_hotplug: PCI Hot Plug PCI Core version: 0.5
[    3.618257] pciehp: PCI Express Hot Plug Controller Driver version: 0.4
[    3.619698] ACPI: AC Adapter [AC] (on-line)
[    3.620662] input: Power Button as /devices/LNXSYSTM:00/LNXPWRBN:00/input/input0
[    3.622398] ACPI: Power Button [PWRF]
[    3.623352] input: Sleep Button as /devices/LNXSYSTM:00/LNXSLPBN:00/input/input1
[    3.625021] ACPI: Sleep Button [SLPF]
[    3.626122] GHES: HEST is not enabled!
[    3.626615] ACPI: Battery Slot [BAT0] (battery present)
[    3.634275] Serial: 8250/16550 driver, 32 ports, IRQ sharing enabled
[    3.657695] 00:02: ttyS0 at I/O 0x3f8 (irq = 4, base_baud = 115200) is a 16550A
[    3.675300] Linux agpgart interface v0.103
[    3.680840] brd: module loaded
[    3.694358] loop: module loaded
[    3.699833] scsi host0: ata_piix
[    3.701925] scsi host1: ata_piix
[    3.706317] ata1: PATA max UDMA/33 cmd 0x1f0 ctl 0x3f6 bmdma 0xd000 irq 14
[    3.707656] ata2: PATA max UDMA/33 cmd 0x170 ctl 0x376 bmdma 0xd008 irq 15
[    3.710264] libphy: Fixed MDIO Bus: probed
[    3.713094] tun: Universal TUN/TAP device driver, 1.6
[    3.714159] tun: (C) 1999-2004 Max Krasnyansky <maxk@qualcomm.com>
[    3.715411] PPP generic driver version 2.4.2
[    3.716457] ehci_hcd: USB 2.0 'Enhanced' Host Controller (EHCI) Driver
[    3.717782] ehci-pci: EHCI PCI platform driver
[    3.718780] ehci-platform: EHCI generic platform driver
[    3.719893] ohci_hcd: USB 1.1 'Open' Host Controller (OHCI) Driver
[    3.721117] ohci-pci: OHCI PCI platform driver
[    3.722114] ohci-platform: OHCI generic platform driver
[    3.726828] uhci_hcd: USB Universal Host Controller Interface driver
[    4.022652] i8042: PNP: PS/2 Controller [PNP0303:PS2K,PNP0f03:PS2M] at 0x60,0x64 irq 1,12
[    4.103654] serio: i8042 KBD port at 0x60,0x64 irq 1
[    4.322744] tsc: Refined TSC clocksource calibration: 2593.534 MHz
[    4.342836] clocksource: tsc: mask: 0xffffffffffffffff max_cycles: 0x25626012174, max_idle_ns: 440795330421 ns
[    4.342866] serio: i8042 AUX port at 0x60,0x64 irq 12
[    4.383003] mousedev: PS/2 mouse device common for all mice
[    4.405442] input: AT Translated Set 2 keyboard as /devices/platform/i8042/serio0/input/input2
[    4.407747] rtc_cmos rtc_cmos: rtc core: registered rtc_cmos as rtc0
[    4.409082] rtc_cmos rtc_cmos: alarms up to one day, 114 bytes nvram
[    4.410352] i2c /dev entries driver
[    4.411216] device-mapper: uevent: version 1.0.3
[    4.412341] device-mapper: ioctl: 4.34.0-ioctl (2015-10-28) initialised: dm-devel@redhat.com
[    4.414214] ledtrig-cpu: registered to indicate activity on CPUs
[    4.415877] NET: Registered protocol family 10
[    4.417034] NET: Registered protocol family 17
[    4.418024] Key type dns_resolver registered
[    4.419188] microcode: CPU0 sig=0x306d4, pf=0x40, revision=0x0
[    4.420394] microcode: CPU1 sig=0x306d4, pf=0x40, revision=0x0
[    4.421402] microcode: Microcode Update Driver: v2.01 <tigran@aivazian.fsnet.co.uk>, Peter Oruba
[    4.423526] registered taskstats version 1
[    4.461987] Loading compiled-in X.509 certificates
[    4.463895] Loaded X.509 cert 'Build time autogenerated kernel key: a2268f7e4ca1e818c997a5071614f42c2a90855b'
[    4.465947] zswap: loaded using pool lzo/zbud
[    4.468775] Key type trusted registered
[    4.473560] Key type encrypted registered
[    4.479593] AppArmor: AppArmor sha1 policy hashing enabled
[    4.483600] ima: No TPM chip found, activating TPM-bypass!
[    4.495100] evm: HMAC attrs: 0x1
[    4.497636]   Magic number: 1:384:886
[    4.499729] rtc_cmos rtc_cmos: setting system clock to 2017-01-24 12:52:40 UTC (1485262360)
[    4.502850] BIOS EDD facility v0.16 2004-Jun-25, 0 devices found
[    4.518237] EDD information not available.
[    4.530380] Freeing unused kernel memory: 1484K (ffffffff81f44000 - ffffffff820b7000)
[    4.596746] Write protecting the kernel read-only data: 14336k
[    4.649508] Freeing unused kernel memory: 1796K (ffff88000183f000 - ffff880001a00000)
[    4.670840] Freeing unused kernel memory: 136K (ffff880001dde000 - ffff880001e00000)
Loading, please wait...
starting version[    4.718609] random: systemd-udevd: uninitialized urandom read (16 bytes read, 3 bits of entropy available)
 229
[    4.719573] random: udevadm: uninitialized urandom read (16 bytes read, 3 bits of entropy available)
[    4.719607] random: udevadm: uninitialized urandom read (16 bytes read, 3 bits of entropy available)
[    4.719703] random: udevadm: uninitialized urandom read (16 bytes read, 3 bits of entropy available)
[    4.719737] random: udevadm: uninitialized urandom read (16 bytes read, 3 bits of entropy available)
[    4.719769] random: udevadm: uninitialized urandom read (16 bytes read, 3 bits of entropy available)
[    4.719803] random: udevadm: uninitialized urandom read (16 bytes read, 3 bits of entropy available)
[    4.719834] random: udevadm: uninitialized urandom read (16 bytes read, 3 bits of entropy available)
[    4.719865] random: udevadm: uninitialized urandom read (16 bytes read, 3 bits of entropy available)
[    4.719895] random: udevadm: uninitialized urandom read (16 bytes read, 3 bits of entropy available)
[    4.751385] e1000: Intel(R) PRO/1000 Network Driver - version 7.3.21-k8-NAPI
[    4.815927] e1000: Copyright (c) 1999-2006 Intel Corporation.
[    4.855435] Fusion MPT base driver 3.04.20
[    4.869495] Copyright (c) 1999-2008 LSI Corporation
[    4.870814] AVX version of gcm_enc/dec engaged.
[    4.872922] AES CTR mode by8 optimization enabled
[    4.878821] Fusion MPT SPI Host driver 3.04.20
[    5.049515] input: ImExPS/2 Generic Explorer Mouse as /devices/platform/i8042/serio1/input/input4
[    5.199763] e1000 0000:00:03.0 eth0: (PCI:33MHz:32-bit) 02:a6:9f:fe:ad:64
[    5.206077] e1000 0000:00:03.0 eth0: Intel(R) PRO/1000 Network Connection
[    5.639698] e1000 0000:00:08.0 eth1: (PCI:33MHz:32-bit) 08:00:27:1c:d7:6e
[    5.756040] e1000 0000:00:08.0 eth1: Intel(R) PRO/1000 Network Connection
[    5.774969] mptbase: ioc0: Initiating bringup
[    5.775536] e1000 0000:00:08.0 enp0s8: renamed from eth1
[    5.796775] e1000 0000:00:03.0 enp0s3: renamed from eth0
[    5.864762] ioc0: LSI53C1030 A0: Capabilities={Initiator}
[    6.101897] scsi host2: ioc0: LSI53C1030 A0, FwRev=00000000h, Ports=1, MaxQ=256, IRQ=20
[    6.220988] scsi 2:0:0:0: Direct-Access     VBOX     HARDDISK         1.0  PQ: 0 ANSI: 5
[    6.228195] scsi target2:0:0: Beginning Domain Validation
[    6.230032] scsi target2:0:0: Domain Validation skipping write tests
[    6.231278] scsi target2:0:0: Ending Domain Validation
[    6.232366] scsi target2:0:0: asynchronous
[    6.251613] scsi 2:0:1:0: Direct-Access     VBOX     HARDDISK         1.0  PQ: 0 ANSI: 5
[    6.256454] scsi target2:0:1: Beginning Domain Validation
[    6.258423] scsi target2:0:1: Domain Validation skipping write tests
[    6.259679] scsi target2:0:1: Ending Domain Validation
[    6.260764] scsi target2:0:1: asynchronous
[    6.265695] sd 2:0:0:0: Attached scsi generic sg0 type 0
[    6.272151] sd 2:0:0:0: [sda] 20971520 512-byte logical blocks: (10.7 GB/10.0 GiB)
[    6.272466] sd 2:0:1:0: [sdb] 20480 512-byte logical blocks: (10.5 MB/10.0 MiB)
[    6.272567] sd 2:0:1:0: [sdb] Write Protect is off
[    6.272622] sd 2:0:1:0: [sdb] Incomplete mode parameter data
[    6.272623] sd 2:0:1:0: [sdb] Assuming drive cache: write through
[    6.273112] sd 2:0:1:0: Attached scsi generic sg1 type 0
[    6.274433] sd 2:0:1:0: [sdb] Attached SCSI disk
[    7.693213] sd 2:0:0:0: [sda] Write Protect is off
[    7.725664] sd 2:0:0:0: [sda] Incomplete mode parameter data
[    7.757892] sd 2:0:0:0: [sda] Assuming drive cache: write through
[    7.829816]  sda: sda1
[    7.836559] sd 2:0:0:0: [sda] Attached SCSI disk
[    7.908785] floppy0: no floppy controllers found
Begin: Loading e[    9.202959] md: linear personality registered for level -1
ssential drivers ... [    9.213406] md: multipath personality registered for level -4
[    9.222454] md: raid0 personality registered for level 0
[    9.231651] md: raid1 personality registered for level 1
[    9.308448] raid6: sse2x1   gen() 10180 MB/s
[    9.384445] raid6: sse2x1   xor()  7438 MB/s
[    9.460429] raid6: sse2x2   gen() 12313 MB/s
[    9.540440] raid6: sse2x2   xor()  7815 MB/s
[    9.612445] raid6: sse2x4   gen() 14260 MB/s
[    9.700446] raid6: sse2x4   xor()  9425 MB/s
[    9.706683] raid6: using algorithm sse2x4 gen() 14260 MB/s
[    9.707756] raid6: .... xor() 9425 MB/s, rmw enabled
[    9.708809] raid6: using ssse3x2 recovery algorithm
[    9.712579] xor: automatically using best checksumming function:
[    9.772119]    avx       : 50214.000 MB/sec
[    9.794270] async_tx: api initialized (async)
[    9.808316] md: raid6 personality registered for level 6
[    9.822956] md: raid5 personality registered for level 5
[    9.823793] md: raid4 personality registered for level 4
[    9.831500] md: raid10 personality registered for level 10
done.
Begin: Running /scripts/init-pre[    9.915276] Btrfs loaded
mount ... done.
Begin: Mounting root file system ... Begin: Running /scripts/local-top ... done.
Begin: Running /scripts/local-premount ... Scanning for Btrfs filesystems
done.
Warning: fsck no[    9.959323] EXT4-fs (sda1): mounted filesystem with ordered data mode. Opts: (null)
t present, so skipping root file system
done.
Begin: Running /scripts/local-bottom ... done.
Begin: Running /scripts/init-bottom ... done.
[   10.068139] systemd[1]: systemd 229 running in system mode. (+PAM +AUDIT +SELINUX +IMA +APPARMOR +SMACK +SYSVINIT +UTMP +LIBCRYPTSETUP +GCRYPT +GNUTLS +ACL +XZ -LZ4 +SECCOMP +BLKID +ELFUTILS +KMOD -IDN)
[   10.077041] systemd[1]: Detected virtualization oracle.
[   10.079025] systemd[1]: Detected architecture x86-64.

Welcome to [1mUbuntu 16.04.1 LTS[0m!

[   10.085240] systemd[1]: Set hostname to <ubuntu>.
[   10.088795] systemd[1]: Initializing machine ID from random generator.
[   10.095427] systemd[1]: Installed transient /etc/machine-id file.
[   10.193188] systemd[1]: Listening on udev Control Socket.
[[0;32m  OK  [0m] Listening on udev Control Socket.
[   10.201031] systemd[1]: Reached target User and Group Name Lookups.
[[0;32m  OK  [0m] Reached target User and Group Name Lookups.
[   10.203684] systemd[1]: Listening on /dev/initctl Compatibility Named Pipe.
[[0;32m  OK  [0m] Listening on /dev/initctl Compatibility Named Pipe.
[   10.207553] systemd[1]: Reached target Swap.
[[0;32m  OK  [0m] Reached target Swap.
[   10.210072] systemd[1]: Created slice System Slice.
[[0;32m  OK  [0m] Created slice System Slice.
[   10.212693] systemd[1]: Created slice system-serial\x2dgetty.slice.
[[0;32m  OK  [0m] Created slice system-serial\x2dgetty.slice.
[   10.215289] systemd[1]: Reached target Encrypted Volumes.
[[0;32m  OK  [0m] Reached target Encrypted Volumes.
[   10.217754] systemd[1]: Listening on LVM2 poll daemon socket.
[[0;32m  OK  [0m] Listening on LVM2 poll daemon socket.
[   10.221131] systemd[1]: Listening on Journal Socket.
[[0;32m  OK  [0m] Listening on Journal Socket.
[   10.236561] systemd[1]: Starting Nameserver information manager...
         Starting Nameserver information manager...
[   10.246641] systemd[1]: Starting Set console keymap...
         Starting Set console keymap...
[   10.261609] systemd[1]: Starting Remount Root and Kernel File Systems...
         [   10.271176] EXT4-fs (sda1): re-mounted. Opts: (null)
Starting Remount Root and Kernel File Systems...
[   10.306422] systemd[1]: Mounting Debug File System...
         Mounting Debug File System...
[   10.315324] systemd[1]: Listening on Journal Audit Socket.
[[0;32m  OK  [0m] Listening on Journal Audit Socket.
[   10.317941] systemd[1]: Listening on Device-mapper event daemon FIFOs.
[[0;32m  OK  [0m] Listening on Device-mapper event daemon FIFOs.
[   10.320623] systemd[1]: Listening on udev Kernel Socket.
[[0;32m  OK  [0m] Listening on udev Kernel Socket.
[   10.340724] systemd[1]: Starting Create list of required static device nodes for the current kernel...
         Starting Create list of required st... nodes for the current kernel...
[   10.356666] systemd[1]: Mounting Huge Pages File System...
         Mounting Huge Pages File System...
[   10.364256] systemd[1]: Listening on LVM2 metadata daemon socket.
[[0;32m  OK  [0m] Listening on LVM2 metadata daemon socket.
[   10.367598] systemd[1]: Starting Monitoring of LVM2 mirrors, snapshots etc. using dmeventd or progress polling...
         Starting Monitoring of LVM2 mirrors... dmeventd or progress polling...
[   10.475469] systemd[1]: Listening on Journal Socket (/dev/log).
[[0;32m  OK  [0m] Listening on Journal Socket (/dev/log).
[   10.512159] systemd[1]: Created slice User and Session Slice.
[[0;32m  OK  [0m] Created slice User and Session Slice.
[   10.514674] systemd[1]: Reached target Slices.
[[0;32m  OK  [0m] Reached target Slices.
[   10.528602] systemd[1]: Starting Load Kernel Modules...
         [   10.585801] Loading iSCSI transport class v2.0-870.
Starting Load Kernel Modules...
[   10.625824] systemd[1]: Starting Uncomplicated firewall...
         [   10.793804] random: nonblocking pool is initialized
Starting Uncomplicated firewall...
[   10.803856] systemd[1]: Mounting POSIX Message Queue File System...
         [   10.865613] iscsi: registered transport (tcp)
Mounting POSIX Message Queue File System...
[   10.869368] systemd[1]: Set up automount Arbitrary Executable File Formats File System Automount Point.
[[0;32m  OK  [0m] Set up automount Arbitrary Executab...ats File System Automount Point.
[   10.893351] systemd[1]: Listening on Syslog Socket.
[[0;32m  OK  [0m] Listening on Syslog Socket.
[   11.095175] iscsi: registered transport (iser)
[   11.124628] systemd[1]: Starting Journal Service...
         Starting Journal Service...
[   11.155165] systemd[1]: Started Forward Password Requests to Wall Directory Watch.
[[0;32m  OK  [0m] Started Forward Password Requests to Wall Directory Watch.
[   11.163073] systemd[1]: Mounted Huge Pages File System.
[[0;32m  OK  [0m] Mounted Huge Pages File System.
[   11.184868] systemd[1]: Mounted POSIX Message Queue File System.
[[0;32m  OK  [0m] Mounted POSIX Message Queue File System.
[   11.196573] systemd[1]: Mounted Debug File System.
[[0;32m  OK  [0m] Mounted Debug File System.
[   11.199103] systemd[1]: Started Journal Service.
[[0;32m  OK  [0m] Started Journal Service.
[[0;32m  OK  [0m] Started Set console keymap.
[[0;32m  OK  [0m] Started Remount Root and Kernel File Systems.
[[0;32m  OK  [0m] Started Create list of required sta...ce nodes for the current kernel.
[[0;32m  OK  [0m] Started Load Kernel Modules.
[[0;32m  OK  [0m] Started Uncomplicated firewall.
[[0;32m  OK  [0m] Started Nameserver information manager.
[[0;32m  OK  [0m] Started LVM2 metadata daemon.
         Starting Apply Kernel Variables...
         Mounting FUSE Control File System...
         Starting Create Static Device Nodes in /dev...
         Starting Load/Save Random Seed...
         Starting udev Coldplug all Devices...
         Starting Initial cloud-init job (pre-networking)...
         Starting Flush Journal to Persistent Storage...
[[0;32m  OK  [0m] Mounted FUSE Control File System.
[[0;32m  OK  [0m] Started Apply Kernel Variables.
[[0;32m  OK  [0m] Started Create Static Device Nodes in /dev.
[[0;32m  OK  [0m] Started Load/Save Random Seed.
[[0;32m  OK  [0m] Started Flush Journal to Persistent Storage.
[[0;32m  OK  [0m] Started udev Coldplug all Devices.
         Starting udev Kernel Device Manager...
[[0;32m  OK  [0m] Started udev Kernel Device Manager.
[[0;32m  OK  [0m] Started Dispatch Password Requests to Console Directory Watch.
[[0;32m  OK  [0m] Found device /dev/ttyS0.
[[0;32m  OK  [0m] Started Monitoring of LVM2 mirrors,...ng dmeventd or progress polling.
[[0;32m  OK  [0m] Reached target Local File Systems (Pre).
[[0;32m  OK  [0m] Reached target Local File Systems.
         Starting Commit a transient machine-id on disk...
         Starting LSB: AppArmor initialization...
         Starting Set console font and keymap...
         Starting Create Volatile Files and Directories...
         Starting Tell Plymouth To Write Out Runtime Data...
[[0;32m  OK  [0m] Started Create Volatile Files and Directories.
[[0;32m  OK  [0m] Started Commit a transient machine-id on disk.
[[0;32m  OK  [0m] Started Tell Plymouth To Write Out Runtime Data.
         Starting Update UTMP about System Boot/Shutdown...
[[0;32m  OK  [0m] Reached target System Time Synchronized.
[[0;32m  OK  [0m] Started Update UTMP about System Boot/Shutdown.
[[0;32m  OK  [0m] Listening on Load/Save RF Kill Switch Status /dev/rfkill Watch.
[[0;32m  OK  [0m] Started LSB: AppArmor initialization.
[   12.212453] cloud-init[480]: Cloud-init v. 0.7.8 running 'init-local' at Tue, 24 Jan 2017 12:52:48 +0000. Up 11.80 seconds.
[[0;32m  OK  [0m] Started Initial cloud-init job (pre-networking).
[[0;32m  OK  [0m] Reached target Network (Pre).
         Starting Raise network interfaces...
[[0;32m  OK  [0m] Started Set console font and keymap.
[[0;32m  OK  [0m] Created slice system-getty.slice.
[[0;32m  OK  [0m] Started Raise network interfaces.
[[0;32m  OK  [0m] Reached target Network.
         Starting Initial cloud-init job (metadata service crawler)...
[   15.009733] cloud-init[1052]: Cloud-init v. 0.7.8 running 'init' at Tue, 24 Jan 2017 12:52:51 +0000. Up 14.49 seconds.
[   15.060346] cloud-init[1052]: ci-info: ++++++++++++++++++++++++++++++++++++++Net device info++++++++++++++++++++++++++++++++++++++
[   15.060559] cloud-init[1052]: ci-info: +--------+-------+----------------------------+---------------+-------+-------------------+
[[0;32m  OK  [0m] Started Initial cloud-init job (metadata service crawler).
[[0;32m  OK  [0m] Reached target Cloud-config availability.
[[0;32m  OK  [0m] Reached target Network is Online.
[   15.060673] cloud-init[1052]: ci-info: | Device |   Up  |          Address           |      Mask     | Scope |     Hw-Address    |
[   15.077369] cloud-init[1052]: ci-info: +--------+-------+----------------------------+---------------+-------+-------------------+
[   15.081141] cloud-init[1052]: ci-info: | enp0s3 |  True |         10.0.2.15          | 255.255.255.0 |   .   | 02:a6:9f:fe:ad:64 |
[   15.098183] cloud-init[1052]: ci-info: | enp0s3 |  True | fe80::a6:9fff:fefe:ad64/64 |       .       |  link | 02:a6:9f:fe:ad:64 |
         Starting iSCSI initiator daemon (iscsid)...
[[0;32m  OK  [0m] Reached target System Initialization.
[[0;32m  OK  [0m] Listening on ACPID Listen Socket.
[[0;32m  OK  [0m] Started Daily Cleanup of Temporary Directories.
[[0;32m  OK  [0m] Listening on UUID daemon activation socket.
[[0;32m  OK  [0m] Started Trigger resolvconf update for networkd DNS.
[   15.104382] cloud-init[1052]: ci-info: |   lo   |  True |         127.0.0.1          |   255.0.0.0   |   .   |         .         |
[   15.124331] cloud-init[1052]: ci-info: |   lo   |  True |          ::1/128           |       .       |  host |         .         |
[[0;32m  OK  [0m] Started Daily apt activities.
[[0;32m  OK  [0m] Started Timer to automatically refresh installed snaps.
[[0;32m  OK  [0m] Reached target Timers.
[   15.134695] cloud-init[1052]: ci-info: | enp0s8 | False |             .              |       .       |   .   | 08:00:27:1c:d7:6e |
[   15.162678] cloud-init[1052]: ci-info: +--------+-------+----------------------------+---------------+-------+-------------------+
[   15.166689] cloud-init[1052]: ci-info: +++++++++++++++++++++++++++Route IPv4 info++++++++++++++++++++++++++++
[   15.170827] cloud-init[1052]: ci-info: +-------+-------------+----------+---------------+-----------+-------+
         Starting LXD - unix socket.
[[0;32m  OK  [0m] Listening on D-Bus System Message Bus Socket.
         Starting Socket activation for snappy daemon.
[   15.177694] cloud-init[1052]: ci-info: | Route | Destination | Gateway  |    Genmask    | Interface | Flags |
[   15.189671] [cloud-init[0;32m  OK  [0m[1052]: ] ci-info: +-------+-------------+----------+---------------+-----------+-------+Started ACPI Events Check.

[[0;32m  OK  [0m] Reached target Paths.
[   15.190069] cloud-init[1052]: ci-info: |   0   |   0.0.0.0   | 10.0.2.2 |    0.0.0.0    |   enp0s3  |   UG  |
[   15.195608] cloud-init[1052]: ci-info: |   1   |   10.0.2.0  | 0.0.0.0  | 255.255.255.0 |   enp0s3  |   U   |
[   15.197518] cloud-init[1052]: ci-info: +-------+-------------+----------+---------------+-----------+-------+
[[0;32m  OK  [0m] Listening on LXD - unix socket.
[[0;32m  OK  [0m] Listening on Socket activation for snappy daemon.
[   15.205261] cloud-init[1052]: Generating public/private rsa key pair.
[   15.227770] [[0;32m  OK  [0m] Started iSCSI initiator daemon (iscsid).
cloud-init[1052]: Your identification has been saved in /etc/ssh/ssh_host_rsa_key.
[   15.231814] cloud-init[1052]: Your public key has been saved in /etc/ssh/ssh_host_rsa_key.pub.
[   15.245545] cloud-init[1052]: The key fingerprint is:
[   15.253913] cloud-init[1052]: SHA256:BsQFVX/MRHdFfNMRs+DLYS9EQTs/3d/z97YhnG9/Gfg root@ubuntu-xenial
[   15.272244]          cloud-initStarting Login to default iSCSI targets...[1052]: 
The key's randomart image is:
[   15.287435] [cloud-init[0;32m  OK  [0m[1052]: ] +---[RSA 2048]----+Reached target Sockets.

[   15.287915] [cloud-init[0;32m  OK  [0m[1052]: ] |     .o+o.. .*+*X|Reached target Basic System.

[   15.291200] cloud-init[1052]: |     ..    .o+ooB|
[   15.295218] cloud-init[1052]: |      .     .B+.o|
[   15.297109] cloud-init[1052]: |       .    +.* o|
[   15.324369] [cloud-init[0;32m  OK  [0m[1052]: ] |        S    +.+o|Started ACPI event daemon.

[   15.324960] cloud-init[1052]: |       .    ..o.+|
[   15.334198] [cloud-init[0;32m  OK  [0m[1052]: ] |             +.o=|Started D-Bus System Message Bus.

[   15.334678] cloud-init[1052]: |              oEB|
[   15.352249] cloud-init[1052]: |              .+X|
[   15.357083] cloud-init[1052]: +----[SHA256]-----+
[   15.361883] cloud-init[1052]: Generating public/private dsa key pair.
[   15.374932]          cloud-initStarting /etc/rc.local Compatibility...[1052]: 
Your identification has been saved in /etc/ssh/ssh_host_dsa_key.
[   15.396852] [cloud-init[0;32m  OK  [0m[1052]: ] Your public key has been saved in /etc/ssh/ssh_host_dsa_key.pub.Started Regular background program processing daemon.

[   15.397310] cloud-init[1052]: The key fingerprint is:
[   15.416477] cloud-init[1052]: SHA256:BLgsdNLWyXqi4TPsvaAjBm9cdhYdNfkf9Rwjew2e7Mo root@ubuntu-xenial
[   15.424904] [cloud-init[0;32m  OK  [0m[1052]: ] The key's randomart image is:Started FUSE filesystem for LXC.

[   15.425391] cloud-init[1052]: +---[DSA 1024]----+
[   15.437598]          cloud-initStarting LSB: Record successful boot for GRUB...[1052]: 
|   . +.. .o.     |
[   15.485923]          cloud-initStarting Apply the settings specified in cloud-config...[1052]: 
|  o = +.. .. ..o.|
[   15.505086] [cloud-init[0;32m  OK  [0m[1052]: ] | . = o ... . oo==|Started Deferred execution scheduler.

[   15.505492] cloud-init[1052]: |  o = o..   ..=.+|
[   15.510258] cloud-init[1052]: | o + o .S    o.. |
[[0;32m  OK  [0m] Started Snappy daemon.
[   15.525698] cloud-init[1052]: |. * o o       o  |
[   15.534939] cloud-init[1052]: |.+.* o     . .   |
[   15.537095] cloud-init[1052]: |oo=..       E    |
[   15.545144]          cloud-initStarting Auto import assertions from block devices...[1052]: 
|+o  ..           |
[   15.551743]          Starting System Logging Service...
cloud-init[1052]: +----[SHA256]-----+
[   15.554238]          cloud-initStarting Login Service...[1052]: 
Generating public/private ecdsa key pair.
[   15.570686]          cloud-initStarting Accounts Service...[1052]: 
Your identification has been saved in /etc/ssh/ssh_host_ecdsa_key.
         Starting LSB: MD monitoring daemon...
[   15.576899] cloud-init[1052]: Your public key has been saved in /etc/ssh/ssh_host_ecdsa_key.pub.
         Starting Pollinate to seed the pseudo random number generator...
[   15.626446] cloud-init[1052]: The key fingerprint is:
         Starting LXD - container startup/shutdown...
[[0;32m  OK  [0m] Started System Logging Service.
[[0;32m  OK  [0m] Started /etc/rc.local Compatibility.
[[0;32m  OK  [0m] Started Auto import assertions from block devices.
[[0;32m  OK  [0m] Started LXD - container startup/shutdown.
[   15.682944] cloud-init[1052]: SHA256:4SOiOZLKwEq30TBW1k25Y1pfw5slV44bAka2RTlCav4 root@ubuntu-xenial
[   15.883857] cloud-init[1052]: The key's randomart image is:
[   15.887186] cloud-init[1052]: +---[ECDSA 256]---+
[   15.897215] cloud-init[1052]: |         +=.o.   |
[   15.916460] [cloud-init[0;32m  OK  [0m[1052]: ] |      . o++oo   .|Started Login to default iSCSI targets.

[   15.916833] cloud-init[1052]: |     o .+ooo.. o.|
[   15.950510] cloud-init[1052]: |    o  + *  .=oo.|
[   15.957675] cloud-init[1052]: |   +. . S o ..Bo |
[   15.957997] cloud-init[1052]: |...o+. o o . o.  |
[   15.958060] cloud-init[1052]: |+o+o .    E      |
[   15.958119] cloud-init[1052]: |*...o            |
[   15.958176] cloud-init[1052]: |o. .             |
[   15.958232] cloud-init[1052]: +----[SHA256]-----+
[   15.958296] cloud-init[1052]: Generating public/private ed25519 key pair.
[[0;32m  OK  [0m] Started LSB: Record successful boot for GRUB.
[[0;32m  OK  [0m] Started LSB: MD monitoring daemon.
[   15.958352] cloud-init[1052]: Your identification has been saved in /etc/ssh/ssh_host_ed25519_key.
[   16.006227] cloud-init[1052]: Your public key has been saved in /etc/ssh/ssh_host_ed25519_key.pub.
[   16.008914] cloud-init[1052]: The key fingerprint is:
[   16.011078] [[0;32m  OK  [0m] Started Login Service.
cloud-init[1052]: SHA256:LvITgbrAlEXgxrJ204WbJqqao9utKTkcr+/ET/HNUQ4 root@ubuntu-xenial
[   16.013760] cloud-init[1052]: The key's randomart image is:
[   16.015154] cloud-init[1052]: +--[ED25519 256]--+
         Starting Authenticate and Authorize Users to Run Privileged Tasks...
[[0;32m  OK  [0m] Reached target Remote File Systems (Pre).
[[0;32m  OK  [0m] Reached target Remote File Systems.
         Starting LSB: daemon to balance interrupts for SMP systems...
[   16.038595] cloud-init[1052]: | .o.             |
         Starting LSB: automatic crash report generation...
[   16.213642] cloud-init[1052]: |o  .  .          |
[   16.364405] cloud-init[1052]: |.+o  o . E .     |
[   16.364592] cloud-init[1052]: |o+  o =   +      |
         Starting LSB: VirtualBox Linux Additions...
[   16.364702] cloud-init[1052]: |+. = * .S. .     |
[   16.399983] cloud-init[1052]: |oo= + +.o .      |
[   16.400159] cloud-init[1052]: |.+o+...o.o       |
         Starting LSB: Set the CPU Frequency Scaling governor to "ondemand"...
[   16.400370] cloud-init[1052]: |*+o+oo..         |
         Starting Permit User Sessions...
[   16.405755] cloud-init[1052]: |O*B+....         |
[   16.467845] cloud-init[1052]: +----[SHA256]-----+
[[0;32m  OK  [0m] Started Permit User Sessions.
[   16.471423] cloud-init[1164]: Generating locales (this might take a while)...
[[0;32m  OK  [0m] Started Authenticate and Authorize Users to Run Privileged Tasks.
[[0;32m  OK  [0m] Started Accounts Service.
         Starting Hold until boot process finishes up...
         Starting Terminate Plymouth Boot Screen...
[[0;32m  OK  [0m] Started LSB: daemon to balance interrupts for SMP systems.
[[0;32m  OK  [0m] Started LSB: automatic crash report generation.
[[   16.668357] cloud-init[1164]:   en_US.UTF-8... done
[0;32m  OK  [0m] Started LSB: VirtualBox Linux Additions.
[   16.692945] cloud-init[1164]: Generation complete.
[[0;32m  OK  [0m] Started LSB: Set the CPU Frequency Scaling governor to "ondemand".
[[0;32m  OK  [0m] Started Hold until boot process finishes up.
[[0;32m  OK  [0m] Started Terminate Plymouth Boot Screen.
         Starting Set console scheme...
[[0;32m  OK  [0m] Started Serial Getty on ttyS0.
[[0;32m  OK  [0m] Started Getty on tty1.
[[0;32m  OK  [0m] Reached target Login Prompts.
[[0;32m  OK  [0m] Started Set console scheme.
[[0;32m  OK  [0m] Stopped OpenBSD Secure Shell server.
         Starting OpenBSD Secure Shell server...
[[0;32m  OK  [0m] Started OpenBSD Secure Shell server.
[[0;32m  OK  [0m] Started Pollinate to seed the pseudo random number generator.
[[0;32m  OK  [0m] Reached target Multi-User System.
[[0;32m  OK  [0m] Reached target Graphical Interface.
         [   17.066233] Starting Update UTMP about System Runlevel Changes...cloud-init
[1164]: Cloud-init v. 0.7.8 running 'modules:config' at Tue, 24 Jan 2017 12:52:52 +0000. Up 15.81 seconds.
[[0;32m  OK  [0m] Started Update UTMP about System Runlevel Changes.
[[0;32m  OK  [0m] Started Apply the settings specified in cloud-config.
         Starting Execute cloud user/final scripts...
ci-info: no authorized ssh keys fingerprints found for user ubuntu.
<14>Jan 24 12:52:54 ec2: 
<14>Jan 24 12:52:54 ec2: #############################################################
<14>Jan 24 12:52:54 ec2: -----BEGIN SSH HOST KEY FINGERPRINTS-----
<14>Jan 24 12:52:54 ec2: 1024 SHA256:BLgsdNLWyXqi4TPsvaAjBm9cdhYdNfkf9Rwjew2e7Mo root@ubuntu-xenial (DSA)
<14>Jan 24 12:52:54 ec2: 256 SHA256:4SOiOZLKwEq30TBW1k25Y1pfw5slV44bAka2RTlCav4 root@ubuntu-xenial (ECDSA)
<14>Jan 24 12:52:54 ec2: 256 SHA256:LvITgbrAlEXgxrJ204WbJqqao9utKTkcr+/ET/HNUQ4 root@ubuntu-xenial (ED25519)
<14>Jan 24 12:52:54 ec2: 2048 SHA256:BsQFVX/MRHdFfNMRs+DLYS9EQTs/3d/z97YhnG9/Gfg root@ubuntu-xenial (RSA)
<14>Jan 24 12:52:54 ec2: -----END SSH HOST KEY FINGERPRINTS-----
<14>Jan 24 12:52:54 ec2: #############################################################
-----BEGIN SSH HOST KEY KEYS-----
ecdsa-sha2-nistp256 AAAAE2VjZHNhLXNoYTItbmlzdHAyNTYAAAAIbmlzdHAyNTYAAABBBKH5nlTJ9gtpvKn9hXZxAqxrgDuTV71onlxviuNtwG3t5Jo3kzxl2DOLIA4Zpz9/UfF9mdo7V+TV7Xb38u34BF0= root@ubuntu-xenial
ssh-ed25519 AAAAC3NzaC1lZDI1NTE5AAAAIBf6gp8vOD18zzHUH75ov3KESsozaFIwHSkl1/uWW/Iv root@ubuntu-xenial
ssh-rsa AAAAB3NzaC1yc2EAAAADAQABAAABAQDOLWoK/RxLLvXCpsgk6Ud2hY3lkE7dt9RC+LTR4X/9Iv24bHX0iwFrqYjJpuuSoLB/qcuEinN4Gtn8bR+eNJg/pV45kzQwqGJ5ps3LFwBsSCOqxZkcS2x/rCnXCFeEVcbyltfuWYRqzEqvm6G2CQjuV3z8AuXSRQnAgJY34zn9Z0icEXQwIN5qTLB1++H/K1vgtEi7PDRBVWFT5w86cd4wFmUSAsqog4viHn20lAzKS826k5fJ7pR1aox1yuBZBEdyR43i9peZhyC53UxWGvcfJhad0fzP5vTCzkhUAthX3qN2JR4QkOMrRVglCBohgP1QPOwvi0GgV5SDz/Mlbkr9 root@ubuntu-xenial
-----END SSH HOST KEY KEYS-----
[   17.491990] cloud-init[1405]: Cloud-init v. 0.7.8 running 'modules:final' at Tue, 24 Jan 2017 12:52:54 +0000. Up 17.33 seconds.
[   17.512096] cloud-init[1405]: ci-info: no authorized ssh keys fingerprints found for user ubuntu.
[   17.518018] cloud-init[1405]: Cloud-init v. 0.7.8 finished at Tue, 24 Jan 2017 12:52:54 +0000. Datasource DataSourceNoCloud [seed=/dev/sdb][dsmode=net].  Up 17.48 seconds
[[0;32m  OK  [0m] Started Execute cloud user/final scripts.
[[0;32m  OK  [0m] Reached target Cloud-init target.

Ubuntu 16.04.1 LTS ubuntu-xenial ttyS0

ubuntu-xenial login: [ 2961.940701] unregister_netdevice: waiting for lo to become free. Usage count = 1
[ 3525.932618] unregister_netdevice: waiting for lo to become free. Usage count = 1
